[fullhotmart.kpages.online/belladimua.html]
[backblue.gif]
[fade.gif]
[index.html]
[landing-cdn.klickpages.com.br/landing-atoms/saas-pages-landing-atoms.esm.js]
[landing-cdn.klickpages.com.br/landing-atoms/saas-pages-landing-atoms.js]
[cdn.jsdelivr.net/npm/lazyload@2.0.0-rc.2/lazyload.min.js]
[static-public.klickpages.com.br/uploads/media/file/5357389/logo_mua2_cabezera2.png]
[static-public.klickpages.com.br/uploads/media/file/5350979/thumb_flyer.png]
[static-public.klickpages.com.br/uploads/media/file/5351042/thumb_img_3481_(1).jpg]
[static-public.klickpages.com.br/uploads/media/file/5355177/thumb_resul2.png]
[static-public.klickpages.com.br/uploads/media/file/5357052/thumb_resul1.png]
[static-public.klickpages.com.br/uploads/media/file/5357086/thumb_4a.png]
[static-public.klickpages.com.br/uploads/media/file/5357084/thumb_3a.png]
[static-public.klickpages.com.br/uploads/media/file/5358241/thumb_111.jpeg]
[static-public.klickpages.com.br/uploads/media/file/5358243/thumb_222.jpeg]
[static-public.klickpages.com.br/uploads/media/file/5358244/thumb_333.jpeg]
[static-public.klickpages.com.br/uploads/media/file/5358245/thumb_444.jpeg]
[static-public.klickpages.com.br/uploads/media/file/5358298/thumb_7-dias-de-garantia-300x300-1.png]
[static-public.klickpages.com.br/uploads/media/file/5358299/thumb_pago-1.png]
[static-public.klickpages.com.br/uploads/media/file/5360676/thumb_img_0880-1-min3.png]
[static-public.klickpages.com.br/uploads/media/file/5360674/thumb_img_0881-1-min.png]
[static-public.klickpages.com.br/uploads/media/file/5360677/thumb_img_0878-1-min4.png]
[static-public.klickpages.com.br/uploads/media/file/5360675/thumb_img_0879-1-min2.png]
[fullhotmart.kpages.online/none.15.delayed]
[fullhotmart.kpages.online/url('/static-public.klickpages.com.br/uploads/media/file/5357389/logo_mua2_cabezera2.png') center/cover]
[fullhotmart.kpages.online/url('') center/cover]
[fullhotmart.kpages.online/transparent]
[static-public.klickpages.com.br/uploads/media/file/5350979/flyer.png]
[fullhotmart.kpages.online/linear-gradient(]
[static-public.klickpages.com.br/uploads/media/file/5351042/img_3481_(1).jpg]
[static-public.klickpages.com.br/uploads/media/file/5355177/resul2.png]
[static-public.klickpages.com.br/uploads/media/file/5357052/resul1.png]
[static-public.klickpages.com.br/uploads/media/file/5357086/4a.png]
[static-public.klickpages.com.br/uploads/media/file/5357084/3a.png]
[static-public.klickpages.com.br/uploads/media/file/5358241/111.jpeg]
[static-public.klickpages.com.br/uploads/media/file/5358243/222.jpeg]
[static-public.klickpages.com.br/uploads/media/file/5358244/333.jpeg]
[static-public.klickpages.com.br/uploads/media/file/5358245/444.jpeg]
[static-public.klickpages.com.br/uploads/media/file/5358298/7-dias-de-garantia-300x300-1.png]
[static-public.klickpages.com.br/uploads/media/file/5358299/pago-1.png]
[static-public.klickpages.com.br/uploads/media/file/5360676/img_0880-1-min3.png]
[static-public.klickpages.com.br/uploads/media/file/5360674/img_0881-1-min.png]
[static-public.klickpages.com.br/uploads/media/file/5360677/img_0878-1-min4.png]
[static-public.klickpages.com.br/uploads/media/file/5360675/img_0879-1-min2.png]
[fullhotmart.kpages.online/POST.2a.delayed]
[fullhotmart.kpages.online/belladimua.html]
[fullhotmart.kpages.online/none.html]
[fullhotmart.kpages.online/url('/static-public.klickpages.com.br/uploads/media/file/5357389/logo_mua2_cabezera2.png') center/cover.html]
[fullhotmart.kpages.online/url('') center/cover.html]
[fullhotmart.kpages.online/transparent.html]
[fullhotmart.kpages.online/linear-gradient(.html]
[fullhotmart.kpages.online/POST.html]
